// Jest Snapshot v1, https://goo.gl/fbAQLP

exports[`Form input test changeText 1`] = `
<View
  onLayout={[Function]}
  style={
    Array [
      Object {
        "flex": 1,
      },
      Object {
        "paddingBottom": 0,
      },
    ]
  }
>
  <RCTScrollView
    style={
      Object {
        "backgroundColor": "#fff",
      }
    }
  >
    <View>
      <Text>
        Former
      </Text>
      <View
        style={
          Object {
            "flex": 1,
            "marginTop": 50,
          }
        }
      >
        <Text>
          Welcome
        </Text>
        <View
          style={
            Object {
              "backgroundColor": "#EAEAEA",
              "marginTop": 16,
              "paddingHorizontal": 16,
              "paddingVertical": 8,
            }
          }
        >
          <Text>
            <Text
              style={
                Object {
                  "fontSize": 16,
                  "fontWeight": "600",
                }
              }
            >
              Email:
            </Text>
             
            Required input with email type
          </Text>
          <TextInput
            onBlur={[Function]}
            onChangeText={[Function]}
            onSubmitEditing={[Function]}
            style={
              Object {
                "borderColor": "black",
                "borderWidth": 1,
                "height": 46,
                "marginBottom": 16,
                "marginTop": 8,
                "padding": 8,
              }
            }
            testID="emailInput"
            touched={false}
            value=""
          />
        </View>
        <Text
          testID="emailInputvalue"
        />
        <Text
          testID="emailInputvalid"
        >
          false
        </Text>
        <Text
          testID="emailtouched"
        >
          false
        </Text>
        <View
          style={
            Object {
              "backgroundColor": "#EAEAEA",
              "marginTop": 16,
              "paddingHorizontal": 16,
              "paddingVertical": 8,
            }
          }
        >
          <Text>
            <Text
              style={
                Object {
                  "fontSize": 16,
                  "fontWeight": "600",
                }
              }
            >
              Name:
            </Text>
             
            Required input with no rules or type set
          </Text>
          <TextInput
            onBlur={[Function]}
            onChangeText={[Function]}
            onSubmitEditing={[Function]}
            style={
              Object {
                "borderColor": "black",
                "borderWidth": 1,
                "height": 46,
                "marginBottom": 16,
                "marginTop": 8,
                "padding": 8,
              }
            }
            testID="nameInput"
            touched={false}
            value=""
          />
        </View>
        <Text
          testID="nameInputvalue"
        />
        <Text
          testID="nameInputvalid"
        >
          false
        </Text>
        <Text
          testID="nameInputtouched"
        >
          false
        </Text>
        <View
          style={
            Object {
              "backgroundColor": "#EAEAEA",
              "marginTop": 16,
              "paddingHorizontal": 16,
              "paddingVertical": 8,
            }
          }
        >
          <Text>
            <Text
              style={
                Object {
                  "fontSize": 16,
                  "fontWeight": "600",
                }
              }
            >
              Password:
            </Text>
             
            Required with rules set
             
          </Text>
          <Text>
            Rules (regex): has two uppercase letters. has one special case letter. has two digits. has three lowercase letters. string is of length 8.
          </Text>
          <TextInput
            onBlur={[Function]}
            onChangeText={[Function]}
            onSubmitEditing={[Function]}
            style={
              Object {
                "borderColor": "black",
                "borderWidth": 1,
                "height": 46,
                "marginBottom": 16,
                "marginTop": 8,
                "padding": 8,
              }
            }
            testID="passwordInput"
            touched={false}
            value=""
          />
          <Text
            testID="passwordInputvalue"
          />
          <Text
            testID="passwordInputvalid"
          >
            false
          </Text>
          <Text
            testID="passwordInputtouched"
          >
            false
          </Text>
        </View>
        <View
          accessibilityLabel="Learn more about this purple button"
          accessibilityRole="button"
          accessible={true}
          collapsable={false}
          focusable={true}
          onClick={[Function]}
          onResponderGrant={[Function]}
          onResponderMove={[Function]}
          onResponderRelease={[Function]}
          onResponderTerminate={[Function]}
          onResponderTerminationRequest={[Function]}
          onStartShouldSetResponder={[Function]}
          style={
            Object {
              "opacity": 1,
            }
          }
          testID="formSubmit"
        >
          <View
            style={
              Array [
                Object {},
              ]
            }
          >
            <Text
              style={
                Array [
                  Object {
                    "color": "#007AFF",
                    "fontSize": 18,
                    "margin": 8,
                    "textAlign": "center",
                  },
                  Object {
                    "color": "#ff5687",
                  },
                ]
              }
            >
              Submit
            </Text>
          </View>
        </View>
        <View>
          <Text>
            Submitted Values:
          </Text>
          <Text>
            {}
          </Text>
        </View>
        <View
          submited={false}
          testID="submited-check"
        />
        <View>
          <Text>
            On Change values:
          </Text>
          <Text>
            {}
          </Text>
        </View>
      </View>
    </View>
  </RCTScrollView>
</View>
`;
